// Jest Snapshot v1, https://goo.gl/fbAQLP

exports[`<AccountHeroNavigation /> component its snapshot matches story Default 1`] = `
.c0 {
  background-color: #393939;
  padding: 1rem;
}

.c1 {
  display: -webkit-box;
  display: -webkit-flex;
  display: -ms-flexbox;
  display: flex;
  -webkit-box-pack: space-evenly;
  -webkit-justify-content: space-evenly;
  -ms-flex-pack: space-evenly;
  justify-content: space-evenly;
}

.c2 {
  padding-bottom: 2rem;
  padding-top: 2rem;
}

.c3 {
  margin-bottom: 0.5rem;
  text-align: center;
}

.c4 {
  color: #ffffff;
  text-align: center;
}

<div>
  <div
    class="c0"
  >
    <div
      class="c1"
    >
      <a
        class="c2"
        href="#"
      >
        <div
          class="c3"
        >
          <svg
            aria-label="icon"
            fill="currentColor"
            focusable="false"
            height="20"
            preserveAspectRatio="xMidYMid meet"
            role="img"
            size="32"
            viewBox="0 0 32 32"
            width="20"
            xmlns="http://www.w3.org/2000/svg"
          />
        </div>
        <div
          class="c4"
        >
          Make a payment
        </div>
      </a>
      <a
        class="c2"
        href="#"
      >
        <div
          class="c3"
        >
          <svg
            aria-label="icon"
            fill="currentColor"
            focusable="false"
            height="20"
            preserveAspectRatio="xMidYMid meet"
            role="img"
            size="32"
            viewBox="0 0 32 32"
            width="20"
            xmlns="http://www.w3.org/2000/svg"
          />
        </div>
        <div
          class="c4"
        >
          Manage payees
        </div>
      </a>
      <a
        class="c2"
        href="#"
      >
        <div
          class="c3"
        >
          <svg
            aria-label="icon"
            fill="currentColor"
            focusable="false"
            height="20"
            preserveAspectRatio="xMidYMid meet"
            role="img"
            size="32"
            viewBox="0 0 32 32"
            width="20"
            xmlns="http://www.w3.org/2000/svg"
          />
        </div>
        <div
          class="c4"
        >
          Statements
        </div>
      </a>
      <a
        class="c2"
        href="#"
      >
        <div
          class="c3"
        >
          <svg
            aria-label="icon"
            fill="currentColor"
            focusable="false"
            height="20"
            preserveAspectRatio="xMidYMid meet"
            role="img"
            size="32"
            viewBox="0 0 32 32"
            width="20"
            xmlns="http://www.w3.org/2000/svg"
          />
        </div>
        <div
          class="c4"
        >
          Documents
        </div>
      </a>
      <a
        class="c2"
        href="#"
      >
        <div
          class="c3"
        >
          <svg
            aria-label="icon"
            fill="currentColor"
            focusable="false"
            height="20"
            preserveAspectRatio="xMidYMid meet"
            role="img"
            size="32"
            viewBox="0 0 32 32"
            width="20"
            xmlns="http://www.w3.org/2000/svg"
          />
        </div>
        <div
          class="c4"
        >
          Direct debits
        </div>
      </a>
      <a
        class="c2"
        href="#"
      >
        <div
          class="c3"
        >
          <svg
            aria-label="icon"
            fill="currentColor"
            focusable="false"
            height="20"
            preserveAspectRatio="xMidYMid meet"
            role="img"
            size="32"
            viewBox="0 0 32 32"
            width="20"
            xmlns="http://www.w3.org/2000/svg"
          />
        </div>
        <div
          class="c4"
        >
          Standing orders
        </div>
      </a>
    </div>
  </div>
</div>
`;
