// Jest Snapshot v1, https://goo.gl/fbAQLP

exports[`<AccountPayment /> component its snapshot matches story Default 1`] = `
.c0 {
  margin-bottom: 1.5rem;
}

<div>
  <div
    class="c0"
  >
    <div
      class="cds--form-item cds--text-input-wrapper"
    >
      <label
        class="cds--label"
        for="purchaseOrder"
      >
        Purchase Order *
      </label>
      <div
        class="cds--text-input__field-outer-wrapper"
      >
        <div
          class="cds--text-input__field-wrapper"
        >
          <input
            class="cds--text-input cds--text__input cds--text-input--md"
            id="purchaseOrder"
            name="purchaseOrder"
            placeholder="Your purchase order number"
            required=""
            title="Your purchase order number"
            type="text"
            value=""
          />
        </div>
      </div>
    </div>
  </div>
</div>
`;
