// Jest Snapshot v1, https://goo.gl/fbAQLP

exports[`<SubscriptionsPage /> component its snapshot matches story Default 1`] = `
.c36 {
  color: #ffffff;
  display: -webkit-box;
  display: -webkit-flex;
  display: -ms-flexbox;
  display: flex;
  -webkit-box-pack: center;
  -webkit-justify-content: center;
  -ms-flex-pack: center;
  justify-content: center;
}

.c37 {
  -webkit-align-items: center;
  -webkit-box-align: center;
  -ms-flex-align: center;
  align-items: center;
  background-color: #000;
  border-radius: 50%;
  display: -webkit-box;
  display: -webkit-flex;
  display: -ms-flexbox;
  display: flex;
  height: 2rem !important;
  -webkit-box-pack: center;
  -webkit-justify-content: center;
  -ms-flex-pack: center;
  justify-content: center;
  margin: 0 0 0 0.5rem;
  outline: none;
  width: 2rem !important;
}

.c37 svg {
  color: white;
  height: 1.1rem;
  width: 1.1rem;
}

.c37:hover,
.c37:focus {
  -webkit-transform: scale(1.1);
  -ms-transform: scale(1.1);
  transform: scale(1.1);
  -webkit-transition: -webkit-transform 200ms ease-out;
  -webkit-transition: transform 200ms ease-out;
  transition: transform 200ms ease-out;
}

.c26 {
  background: #dcdcdc;
  display: -webkit-box;
  display: -webkit-flex;
  display: -ms-flexbox;
  display: flex;
  -webkit-flex-direction: column;
  -ms-flex-direction: column;
  flex-direction: column;
}

.c27 {
  max-width: var(--max-width);
  margin: 0 auto;
}

.c28 {
  color: #525252;
  display: -webkit-box;
  display: -webkit-flex;
  display: -ms-flexbox;
  display: flex;
  -webkit-flex-direction: column;
  -ms-flex-direction: column;
  flex-direction: column;
  padding: 1rem 1rem;
}

.c29 {
  display: grid;
  grid-gap: 1rem;
  grid-template-columns: 1fr 1fr;
}

.c34 {
  color: #525252;
  font: 400 0.875rem 'IBM Plex Sans',Arial,sans-serif;
  outline: none;
}

.c34:hover,
.c34:focus {
  -webkit-text-decoration: underline;
  text-decoration: underline;
}

.c30 {
  -webkit-align-items: flex-start;
  -webkit-box-align: flex-start;
  -ms-flex-align: flex-start;
  align-items: flex-start;
  display: -webkit-box;
  display: -webkit-flex;
  display: -ms-flexbox;
  display: flex;
  -webkit-flex-direction: column;
  -ms-flex-direction: column;
  flex-direction: column;
  -webkit-box-pack: start;
  -webkit-justify-content: flex-start;
  -ms-flex-pack: start;
  justify-content: flex-start;
}

.c35 {
  -webkit-box-pack: end;
  -webkit-justify-content: flex-end;
  -ms-flex-pack: end;
  justify-content: flex-end;
  margin-top: 2rem;
}

.c31 {
  font: 600 0.875rem 'IBM Plex Sans',Arial,sans-serif;
  text-align: left;
}

.c32 {
  list-style: none;
}

.c33 {
  margin: 0.75rem 0 0;
}

.c38 {
  font: 400 0.74375rem 'IBM Plex Sans',Arial,sans-serif;
  width: 100%;
  padding: 1rem 2rem;
}

.c39 {
  border-top: 1px solid #e0e0e0;
  padding: 0.5rem 0.5rem;
}

.c23 {
  height: 1rem;
}

.c3 {
  border-bottom: 1px solid #e0e0e0;
  background: #fff;
  color: #161616;
}

.c4 {
  display: grid;
  grid-template-areas: 'menu-toggle logo title secondary search actions';
  grid-template-columns: auto auto auto auto 1fr auto;
  grid-template-rows: 1fr;
  min-height: 3rem;
  max-width: var(--max-width);
  margin-left: auto;
  margin-right: auto;
}

.c4 .action {
  border: none;
  color: #161616;
  cursor: pointer;
}

.c4 .action [role='img'] {
  -webkit-align-items: center;
  -webkit-box-align: center;
  -ms-flex-align: center;
  align-items: center;
  display: -webkit-box;
  display: -webkit-flex;
  display: -ms-flexbox;
  display: flex;
}

.c4 .action [role='img'] svg {
  color: #161616;
  height: 100%;
}

.c15 {
  display: -webkit-box;
  display: -webkit-flex;
  display: -ms-flexbox;
  display: flex;
  grid-area: actions;
  -webkit-align-items: center;
  -webkit-box-align: center;
  -ms-flex-align: center;
  align-items: center;
  padding: 0.25rem;
}

.c15 .action {
  padding: 0.875rem;
}

.c15 .action:not(.has-icon) {
  font-size: 0.875rem;
  color: #0f62fe;
}

.c15 .action:not(.has-icon):hover {
  color: #0043ce;
  -webkit-text-decoration: underline;
  text-decoration: underline;
}

.c15 .action.has-icon {
  font-size: 0;
}

.c15 .hide-mobile {
  display: none;
}

.c14 {
  display: -webkit-box;
  display: -webkit-flex;
  display: -ms-flexbox;
  display: flex;
  grid-area: search;
  -webkit-align-items: center;
  -webkit-box-align: center;
  -ms-flex-align: center;
  align-items: center;
  -webkit-box-pack: end;
  -webkit-justify-content: flex-end;
  -ms-flex-pack: end;
  justify-content: flex-end;
}

.c14 .cds--search {
  margin-left: 1rem;
  width: 100%;
}

.c14 .cds--search,
.c14 .cds--search-input {
  height: 100%;
}

.c9 {
  display: -webkit-box;
  display: -webkit-flex;
  display: -ms-flexbox;
  display: flex;
  grid-area: logo;
  -webkit-align-items: center;
  -webkit-box-align: center;
  -ms-flex-align: center;
  align-items: center;
  padding: 0;
}

.c9 .action {
  font-size: 0;
}

.c9 img,
.c9 svg {
  width: 3rem;
  height: 2rem;
  max-width: 3rem;
  max-height: 2rem;
}

.c11 {
  display: grid;
  grid-template-columns: min-content 10fr min-content;
  -webkit-align-items: center;
  -webkit-box-align: center;
  -ms-flex-align: center;
  align-items: center;
  height: 100%;
  padding-left: 1rem;
}

.c10 {
  grid-area: secondary;
  display: none;
  position: relative;
}

.c13 {
  -webkit-flex-wrap: nowrap;
  -ms-flex-wrap: nowrap;
  flex-wrap: nowrap;
  overflow-x: auto;
  -ms-overflow-style: none;
  -webkit-scrollbar-width: none;
  -moz-scrollbar-width: none;
  -ms-scrollbar-width: none;
  scrollbar-width: none;
  margin-right: 2px;
}

.c13::-webkit-scrollbar {
  display: none;
}

.c13 .action {
  font: 400 0.875rem/1.125005rem 'IBM Plex Sans',Arial,sans-serif;
  -webkit-letter-spacing: 0.16px;
  -moz-letter-spacing: 0.16px;
  -ms-letter-spacing: 0.16px;
  letter-spacing: 0.16px;
  padding: 0.25rem 1rem;
  white-space: nowrap;
}

.c13 .action [role='img'] {
  display: none;
}

.c5 {
  grid-area: menu-toggle;
  -webkit-align-items: center;
  -webkit-box-align: center;
  -ms-flex-align: center;
  align-items: center;
  display: -webkit-box;
  display: -webkit-flex;
  display: -ms-flexbox;
  display: flex;
}

.c5 .action {
  height: 100%;
  padding: 0.875rem;
  margin: 0 0.5rem 0 0;
}

.c6 {
  background-color: white;
  bottom: 0;
  box-shadow: none;
  display: -webkit-box;
  display: -webkit-flex;
  display: -ms-flexbox;
  display: flex;
  -webkit-flex-direction: column;
  -ms-flex-direction: column;
  flex-direction: column;
  padding-top: 2rem;
  position: fixed;
  top: 0;
  -webkit-transition: -webkit-transform 0.25s ease-out;
  -webkit-transition: transform 0.25s ease-out;
  transition: transform 0.25s ease-out;
  width: 100vw;
  z-index: 16;
  left: calc(-100vw - 1rem);
  max-width: 80vw;
}

.c6 ~ .SidePanelstyles__SidePanelMain-sc-18iyri2-0 {
  -webkit-transition: -webkit-transform 0.25s ease-out,margin 0.25s ease-out;
  -webkit-transition: transform 0.25s ease-out,margin 0.25s ease-out;
  transition: transform 0.25s ease-out,margin 0.25s ease-out;
}

.c7 {
  display: grid;
  gap: 1rem;
  grid-template-areas: 'secondary' 'primary';
  grid-template-rows: auto auto;
  padding: 0 2rem;
  font: 600 0.875rem/1.2499987499999998rem 'IBM Plex Sans',Arial,sans-serif;
  -webkit-letter-spacing: 0.16px;
  -moz-letter-spacing: 0.16px;
  -ms-letter-spacing: 0.16px;
  letter-spacing: 0.16px;
}

.c7 .action {
  font: 600 0.875rem/1.2499987499999998rem 'IBM Plex Sans',Arial,sans-serif;
  -webkit-letter-spacing: 0.16px;
  -moz-letter-spacing: 0.16px;
  -ms-letter-spacing: 0.16px;
  letter-spacing: 0.16px;
  color: #525252;
  border: none;
}

.c7 .action [role='img'] {
  display: inline;
}

.c8 {
  display: -webkit-box;
  display: -webkit-flex;
  display: -ms-flexbox;
  display: flex;
  -webkit-flex-direction: column;
  -ms-flex-direction: column;
  flex-direction: column;
  gap: 1rem;
  grid-area: primary;
}

.c8 .action {
  padding: 0;
}

.c2 {
  border: 0.5rem solid #161616;
  border-width: 0.5rem 0 0 0;
  box-shadow: 0 0.06rem 0.5rem #d8d8d8;
  margin-top: var(--top);
  top: var(--top);
}

.c19 {
  -webkit-align-items: flex-end;
  -webkit-box-align: flex-end;
  -ms-flex-align: flex-end;
  align-items: flex-end;
  display: -webkit-box;
  display: -webkit-flex;
  display: -ms-flexbox;
  display: flex;
  -webkit-flex-direction: column;
  -ms-flex-direction: column;
  flex-direction: column;
}

.c19 .notification-entry {
  -webkit-animation: exoFadeIn 70ms cubic-bezier(0,0,0.38,0.9);
  animation: exoFadeIn 70ms cubic-bezier(0,0,0.38,0.9);
  margin-bottom: 0;
  position: relative;
}

.c0 {
  background-color: unset;
  display: -webkit-box;
  display: -webkit-flex;
  display: -ms-flexbox;
  display: flex;
  -webkit-flex-direction: column;
  -ms-flex-direction: column;
  flex-direction: column;
}

.c25 {
  width: 100%;
}

.c1 {
  position: -webkit-sticky;
  position: sticky;
  top: 0;
  width: 100%;
  z-index: 5;
}

.c18 {
  max-height: 100vh;
  overflow: auto;
  position: absolute;
  right: 0;
  width: 100%;
  z-index: 5;
}

.c20 {
  background-color: #f4f4f4;
  -webkit-flex: 1;
  -ms-flex: 1;
  flex: 1;
  min-height: 50rem;
  padding: 0;
}

.c16 {
  -webkit-align-items: center;
  -webkit-box-align: center;
  -ms-flex-align: center;
  align-items: center;
  color: inherit;
  display: -webkit-box;
  display: -webkit-flex;
  display: -ms-flexbox;
  display: flex;
  height: 100%;
  -webkit-box-pack: center;
  -webkit-justify-content: center;
  -ms-flex-pack: center;
  justify-content: center;
  padding: 0.75rem;
  position: relative;
  width: 3rem;
}

.c17 {
  height: 100%;
  width: 100%;
}

.c24 {
  margin: 2rem;
}

.c21 {
  -webkit-align-items: center;
  -webkit-box-align: center;
  -ms-flex-align: center;
  align-items: center;
  background-color: #f4f4f4;
  color: #161616;
  display: -webkit-box;
  display: -webkit-flex;
  display: -ms-flexbox;
  display: flex;
  -webkit-flex-direction: column;
  -ms-flex-direction: column;
  flex-direction: column;
  -webkit-box-pack: center;
  -webkit-justify-content: center;
  -ms-flex-pack: center;
  justify-content: center;
  padding: 4.75rem;
  width: 100%;
  background: url(https://www.insidehimalayas.com/wp-content/uploads/2016/04/nepal-everest-1.jpg) no-repeat center;
  background-size: cover;
  color: #ffffff;
}

.c22 {
  font: 600 2.625rem/3.12375rem 'IBM Plex Sans',Arial,sans-serif;
  -webkit-letter-spacing: 0.07rem;
  -moz-letter-spacing: 0.07rem;
  -ms-letter-spacing: 0.07rem;
  letter-spacing: 0.07rem;
  text-align: center;
}

@media (min-width:672px) {
  .c36 {
    -webkit-box-pack: start;
    -webkit-justify-content: flex-start;
    -ms-flex-pack: start;
    justify-content: flex-start;
  }
}

@media (min-width:1056px) {
  .c36 {
    -webkit-box-pack: end;
    -webkit-justify-content: flex-end;
    -ms-flex-pack: end;
    justify-content: flex-end;
    margin-top: 0;
  }
}

@media (min-width:320px) {
  .c28 {
    padding: 1rem 2rem 2rem;
  }
}

@media (min-width:672px) {
  .c29 {
    grid-template-columns: 1fr 1fr 1fr;
  }
}

@media (min-width:672px) {
  .c35 {
    -webkit-align-items: flex-end;
    -webkit-box-align: flex-end;
    -ms-flex-align: flex-end;
    align-items: flex-end;
  }
}

@media (min-width:672px) {
  .c33 {
    margin: 0.5rem 0 0;
  }
}

@media (min-width:672px) {
  .c15 .hide-desktop {
    display: none;
  }

  .c15 .hide-mobile {
    display: block;
  }
}

@media (max-width:672px) {
  .c14:not(:empty) {
    position: absolute;
    left: 0;
    right: 0;
    top: var(--top);
    bottom: 0;
    z-index: 100;
  }

  .c14:not(:empty) .cds--search {
    margin: 0;
    width: 100%;
  }
}

@media (min-width:672px) {

}

@media (min-width:672px) {
  .c9 {
    padding: 0 0 0 1rem;
  }
}

@media (min-width:672px) {
  .c10 {
    display: block;
    margin-left: 2rem;
  }

  .c10:before {
    content: '';
    position: absolute;
    border-left: 1px solid #e0e0e0;
    left: 0;
    top: 0.75rem;
    bottom: 0.75rem;
  }
}

@media (min-width:672px) {
  .c12 {
    position: relative;
    display: -webkit-box;
    display: -webkit-flex;
    display: -ms-flexbox;
    display: flex;
    -webkit-align-items: center;
    -webkit-box-align: center;
    -ms-flex-align: center;
    align-items: center;
    overflow: hidden;
  }

  .c12:before {
    content: '';
    position: absolute;
    height: 100%;
    width: 1rem;
    background: linear-gradient( 90deg,rgba(255,255,255,1) 50%,rgba(255,255,255,0) 100% );
    top: 0;
    left: 0;
    z-index: 100;
  }

  .c12:after {
    content: '';
    position: absolute;
    height: 100%;
    width: 1rem;
    background: linear-gradient( -90deg,rgba(255,255,255,1) 50%,rgba(255,255,255,0) 100% );
    top: 0;
    right: 0;
    z-index: 100;
  }
}

@media (min-width:672px) {
  .c5 {
    display: none;
  }
}

@media (min-width:672px) {
  .c6 {
    width: 20rem;
    left: calc(-20rem - 1rem);
  }
}

@media (min-width:672px) {
  .c22 {
    line-height: 4.887499999999999rem;
    font-size: 4.25rem;
  }
}

@media (min-width:1056px) {
  .c22 {
    line-height: 6.3825rem;
    font-size: 5.75rem;
    -webkit-letter-spacing: -0.64px;
    -moz-letter-spacing: -0.64px;
    -ms-letter-spacing: -0.64px;
    letter-spacing: -0.64px;
  }
}

@media (min-width:1312px) {
  .c22 {
    line-height: 8.158750000000001rem;
    font-size: 7.625rem;
    -webkit-letter-spacing: -0.64px;
    -moz-letter-spacing: -0.64px;
    -ms-letter-spacing: -0.64px;
    letter-spacing: -0.64px;
  }
}

@media (min-width:1584px) {
  .c22 {
    line-height: 10.2375rem;
    font-size: 9.75rem;
    -webkit-letter-spacing: -0.96px;
    -moz-letter-spacing: -0.96px;
    -ms-letter-spacing: -0.96px;
    letter-spacing: -0.96px;
  }
}

<div>
  <div
    class="c0"
  >
    <div
      class="c1"
    >
      <div
        class="c2"
      >
        <div
          class="c3"
        >
          <div
            class="c4"
          >
            <div
              class="c5"
            >
              <button
                aria-label="Toggle"
                class="action  has-icon"
              >
                <div
                  role="img"
                >
                  <svg
                    aria-label="icon"
                    fill="currentColor"
                    focusable="false"
                    height="20"
                    preserveAspectRatio="xMidYMid meet"
                    role="img"
                    size="20"
                    viewBox="0 0 32 32"
                    width="20"
                    xmlns="http://www.w3.org/2000/svg"
                  />
                </div>
              </button>
              <div
                class="c6"
                mode="onTop"
              >
                <div
                  class="c7"
                >
                  <div
                    class="c8"
                  >
                    <a
                      aria-label="Apparel"
                      class="action  "
                      href="/catalog/category/Apparel_1"
                    >
                      Apparel
                    </a>
                    <a
                      aria-label="Electronics"
                      class="action  "
                      href="/catalog/category/Electronics_6"
                    >
                      Electronics
                    </a>
                    <a
                      aria-label="Grocery"
                      class="action  "
                      href="/catalog/category/Grocery_7"
                    >
                      Grocery
                    </a>
                    <a
                      aria-label="Health"
                      class="action  "
                      href="/catalog/category/Health_8"
                    >
                      Health
                    </a>
                    <a
                      aria-label="Home & Furnishing"
                      class="action  "
                      href="/catalog/category/Home-Furnishings_9"
                    >
                      Home & Furnishing
                    </a>
                    <a
                      aria-label="Newsletters & Magazines"
                      class="action  "
                      href="/catalog/category/NewslettersAndMagazines_10"
                    >
                      Newsletters & Magazines
                    </a>
                  </div>
                </div>
              </div>
            </div>
            <div
              class="c9"
            >
              <a
                aria-label="Logo"
                class="action  has-icon"
                href="/"
              >
                <div
                  role="img"
                >
                  <test-file-stub />
                </div>
              </a>
            </div>
            <div
              class="c10"
            >
              <div
                class="c11"
              >
                <div />
                <div
                  class="c12"
                >
                  <div
                    class="c13"
                  >
                    <a
                      aria-label="Apparel"
                      class="action  "
                      href="/catalog/category/Apparel_1"
                    >
                      Apparel
                    </a>
                    <a
                      aria-label="Electronics"
                      class="action  "
                      href="/catalog/category/Electronics_6"
                    >
                      Electronics
                    </a>
                    <a
                      aria-label="Grocery"
                      class="action  "
                      href="/catalog/category/Grocery_7"
                    >
                      Grocery
                    </a>
                    <a
                      aria-label="Health"
                      class="action  "
                      href="/catalog/category/Health_8"
                    >
                      Health
                    </a>
                    <a
                      aria-label="Home & Furnishing"
                      class="action  "
                      href="/catalog/category/Home-Furnishings_9"
                    >
                      Home & Furnishing
                    </a>
                    <a
                      aria-label="Newsletters & Magazines"
                      class="action  "
                      href="/catalog/category/NewslettersAndMagazines_10"
                    >
                      Newsletters & Magazines
                    </a>
                  </div>
                </div>
                <div />
              </div>
            </div>
            <div
              class="c14"
            />
            <div
              class="c15"
            >
              <button
                class="action  has-icon"
              >
                <div
                  role="img"
                >
                  <svg
                    aria-label="icon"
                    fill="currentColor"
                    focusable="false"
                    height="20"
                    preserveAspectRatio="xMidYMid meet"
                    role="img"
                    size="20"
                    viewBox="0 0 32 32"
                    width="20"
                    xmlns="http://www.w3.org/2000/svg"
                  />
                </div>
              </button>
              <a
                aria-label="Sign in"
                class="action  has-icon"
                href="/auth/login"
              >
                Sign in
                <div
                  role="img"
                >
                  <svg
                    aria-label="icon"
                    fill="currentColor"
                    focusable="false"
                    height="20"
                    preserveAspectRatio="xMidYMid meet"
                    role="img"
                    size="20"
                    viewBox="0 0 32 32"
                    width="20"
                    xmlns="http://www.w3.org/2000/svg"
                  />
                </div>
              </a>
              <button
                aria-label="EN"
                class="action  has-icon"
              >
                EN
                <div
                  role="img"
                >
                  <svg
                    aria-label="icon"
                    fill="currentColor"
                    focusable="false"
                    height="20"
                    preserveAspectRatio="xMidYMid meet"
                    role="img"
                    size="20"
                    viewBox="0 0 32 32"
                    width="20"
                    xmlns="http://www.w3.org/2000/svg"
                  />
                </div>
              </button>
              <a
                class="c16"
                href="/cart/cart"
              >
                <svg
                  class="c17"
                  fill="#000"
                  stroke="#000"
                  stroke-width="2"
                  viewBox="0 0 50 50"
                >
                  <path
                    d="M42.1 23s-2.6-5.4-4.2-8.3c-1.6-2.9-6.5-3.1-12.9-3.1s-11.3.2-12.9 3L8 23"
                    fill="none"
                  />
                  <path
                    d="M47 31.7c-.3 3.8.3 8.6-8 7.5S28.6 38 25 38s-5.5 0-14 1-7.7-3.6-7.9-7.4C3 28 4.3 24.3 6.1 23s11.2-1.8 19-1.8 17.1.5 18.9 1.8 3.2 5 3 8.7zM8 22l-1-2s-4.6-.4-4 1c.5 1 4 1 4 1m36 0s3.5 0 4-1c.6-1.4-4-1-4-1l-1 2"
                  />
                  <rect
                    height="9"
                    rx="1.2"
                    width="7"
                    x="4"
                    y="33"
                  />
                  <rect
                    height="9"
                    rx="1.2"
                    width="7"
                    x="39"
                    y="33"
                  />
                  <g
                    fill="#333"
                    stroke="none"
                  >
                    <path
                      d="M43 32h-5c-.6-1.2.2-1.8 1-2 1-.3 6-1 6-1s.6 3-2 3zM7 32h5c.6-1.2-.2-1.8-1-2-1-.3-6-1-6-1s-.6 3 2 3z"
                    />
                    <rect
                      height="1"
                      rx="1"
                      width="5"
                      x="7"
                      y="35"
                    />
                    <rect
                      height="1"
                      rx="1"
                      width="5"
                      x="38"
                      y="35"
                    />
                  </g>
                </svg>
              </a>
            </div>
          </div>
        </div>
      </div>
      <div
        class="c18 notifications-wrapper"
      >
        <div
          class="c19 notifications"
        />
      </div>
    </div>
    <div
      class="c20"
    >
      <div
        class="c21"
      >
        <h1
          class="c22"
        >
          Placeholder Subscriptions Page
        </h1>
      </div>
      <div
        class="c23"
      />
      <div
        class="c24"
      >
        Subscriptions Page to appear here with different subscription options
      </div>
    </div>
    <div
      class="c25"
    >
      <footer
        class="c26"
      >
        <div
          class="Footerstyles__ContentPanel-sc-e4rj2m-3"
        >
          <div
            class="c27"
          >
            <div
              class="c28"
            >
              <div
                class="c29"
              >
                <div
                  class="c30"
                >
                  <h2
                    class="c31"
                  >
                    Help & Information
                  </h2>
                  <ul
                    class="c32"
                  >
                    <li
                      class="c33"
                    >
                      <a
                        class="c34"
                        href="#"
                      >
                        Help
                      </a>
                    </li>
                    <li
                      class="c33"
                    >
                      <a
                        class="c34"
                        href="#"
                      >
                        Track Order
                      </a>
                    </li>
                    <li
                      class="c33"
                    >
                      <a
                        class="c34"
                        href="#"
                      >
                        Delivery & Returns
                      </a>
                    </li>
                    <li
                      class="c33"
                    >
                      <a
                        class="c34"
                        href="/store-finder/store-finder"
                      >
                        Our Stores
                      </a>
                    </li>
                  </ul>
                </div>
                <div
                  class="c30"
                >
                  <h2
                    class="c31"
                  >
                    About
                  </h2>
                  <ul
                    class="c32"
                  >
                    <li
                      class="c33"
                    >
                      <a
                        class="c34"
                        href="#"
                      >
                        Our Products
                      </a>
                    </li>
                    <li
                      class="c33"
                    >
                      <a
                        class="c34"
                        href="#"
                      >
                        About Us
                      </a>
                    </li>
                    <li
                      class="c33"
                    >
                      <a
                        class="c34"
                        href="/content/contact"
                      >
                        Contact Us
                      </a>
                    </li>
                    <li
                      class="c33"
                    >
                      <a
                        class="c34"
                        href="#"
                      >
                        Careers
                      </a>
                    </li>
                    <li
                      class="c33"
                    >
                      <a
                        class="c34"
                        href="/wishlist/wishlist"
                      >
                        Wishlist
                      </a>
                    </li>
                  </ul>
                </div>
                <div
                  class="c30 c35"
                >
                  <div
                    class="c36"
                  >
                    <button
                      aria-label="Facebook"
                      class="c37"
                    >
                      <svg
                        aria-label="icon"
                        fill="currentColor"
                        focusable="false"
                        height="20"
                        preserveAspectRatio="xMidYMid meet"
                        role="img"
                        size="24"
                        viewBox="0 0 32 32"
                        width="20"
                        xmlns="http://www.w3.org/2000/svg"
                      />
                    </button>
                    <button
                      aria-label="Twitter"
                      class="c37"
                    >
                      <svg
                        aria-label="icon"
                        fill="currentColor"
                        focusable="false"
                        height="20"
                        preserveAspectRatio="xMidYMid meet"
                        role="img"
                        size="24"
                        viewBox="0 0 32 32"
                        width="20"
                        xmlns="http://www.w3.org/2000/svg"
                      />
                    </button>
                    <button
                      aria-label="YouTube"
                      class="c37"
                    >
                      <svg
                        aria-label="icon"
                        fill="currentColor"
                        focusable="false"
                        height="20"
                        preserveAspectRatio="xMidYMid meet"
                        role="img"
                        size="24"
                        viewBox="0 0 32 32"
                        width="20"
                        xmlns="http://www.w3.org/2000/svg"
                      />
                    </button>
                    <button
                      aria-label="LinkedIn"
                      class="c37"
                    >
                      <svg
                        aria-label="icon"
                        fill="currentColor"
                        focusable="false"
                        height="20"
                        preserveAspectRatio="xMidYMid meet"
                        role="img"
                        size="24"
                        viewBox="0 0 32 32"
                        width="20"
                        xmlns="http://www.w3.org/2000/svg"
                      />
                    </button>
                    <button
                      aria-label="Instagram"
                      class="c37"
                    >
                      <svg
                        aria-label="icon"
                        fill="currentColor"
                        focusable="false"
                        height="20"
                        preserveAspectRatio="xMidYMid meet"
                        role="img"
                        size="24"
                        viewBox="0 0 32 32"
                        width="20"
                        xmlns="http://www.w3.org/2000/svg"
                      />
                    </button>
                  </div>
                </div>
              </div>
            </div>
          </div>
        </div>
        <div
          class="Footerstyles__TermsPanel-sc-e4rj2m-12"
        >
          <div
            class="c27"
          >
            <div
              class="c38"
            >
              <div
                class="c39"
              >
                Copyright © 2022 IBM All rights reserved.
              </div>
            </div>
          </div>
        </div>
      </footer>
    </div>
  </div>
</div>
`;
