// Jest Snapshot v1, https://goo.gl/fbAQLP

exports[`<CartSubtotal /> component its snapshot matches story Default 1`] = `
.c3 .price-list {
  color: rgba(22,22,22,0.25);
  -webkit-text-decoration: line-through;
  text-decoration: line-through;
}

.c0 {
  display: -webkit-box;
  display: -webkit-flex;
  display: -ms-flexbox;
  display: flex;
  margin-bottom: 0.5rem;
}

.c1 {
  color: #525252;
}

.c2 {
  margin-left: auto;
}

<div>
  <div
    class="CartSubtotalstyles__CartSubtotal-sc-3v7xry-0"
  >
    <div
      class="c0"
    >
      <p
        class="c1"
      >
        Subtotal
      </p>
      <p
        class="c2"
      >
        <span
          class="c3"
        >
          <span
            class="value"
          >
            €300
          </span>
        </span>
      </p>
    </div>
    <div
      class="c0"
    >
      <p
        class="c1"
      >
        Sales Tax
      </p>
      <p
        class="c2"
      >
        <span
          class="c3"
        >
          <span
            class="value"
          >
            €60
          </span>
        </span>
      </p>
    </div>
    <div
      class="c0"
    >
      <p
        class="c1"
      >
        Shipping
      </p>
      <p
        class="c2"
      >
        <span
          class="c3"
        >
          <span
            class="value"
          >
            €30
          </span>
        </span>
      </p>
    </div>
    <div
      class="c0"
    >
      <p
        class="c1"
      >
        Shipping tax
      </p>
      <p
        class="c2"
      >
        <span
          class="c3"
        >
          <span
            class="value"
          >
            €30
          </span>
        </span>
      </p>
    </div>
    <div
      class="c0"
    >
      <p
        class="c1"
      >
        Adjustments
      </p>
    </div>
    <div
      class="c0"
    >
      <p
        class="c1"
      >
        Adjustment 1
      </p>
      <p
        class="c2"
      >
        <span
          class="c3"
        >
          <span
            class="value"
          >
            €2
          </span>
        </span>
      </p>
    </div>
    <div
      class="c0"
    >
      <p
        class="c1"
      >
        Adjustments
      </p>
    </div>
    <div
      class="c0"
    >
      <p
        class="c1"
      >
        Adjustment 2
      </p>
      <p
        class="c2"
      >
        <span
          class="c3"
        >
          <span
            class="value"
          >
            €3.50
          </span>
        </span>
      </p>
    </div>
    <div
      class="c0"
    >
      <p
        class="c1"
      >
        Total
      </p>
      <p
        class="c2"
      >
        <span
          class="c3"
        >
          <span
            class="value"
          >
            €405.50
          </span>
        </span>
      </p>
    </div>
  </div>
</div>
`;

exports[`<CartSubtotal /> component its snapshot matches story Skeleton 1`] = `
<div>
  <div />
</div>
`;
