// Jest Snapshot v1, https://goo.gl/fbAQLP

exports[`<Auxilliary /> component its snapshot matches story normal 1`] = `
.c0 {
  width: 100%;
  background-color: #fff;
  padding: 0.3rem 1rem;
  color: #525252;
  font: 400 0.74375rem/1.125005rem 'IBM Plex Sans',Arial,sans-serif;
  -webkit-letter-spacing: 0.16px;
  -moz-letter-spacing: 0.16px;
  -ms-letter-spacing: 0.16px;
  letter-spacing: 0.16px;
}

.c0 .action {
  border: none;
  color: #525252;
  -webkit-text-decoration: none;
  text-decoration: none;
}

.c0 .action:hover {
  color: inherit;
  -webkit-text-decoration: underline;
  text-decoration: underline;
}

.c1 {
  -webkit-align-items: center;
  -webkit-box-align: center;
  -ms-flex-align: center;
  align-items: center;
  display: -webkit-box;
  display: -webkit-flex;
  display: -ms-flexbox;
  display: flex;
  gap: 1rem;
  -webkit-box-pack: center;
  -webkit-justify-content: center;
  -ms-flex-pack: center;
  justify-content: center;
}

<div>
  <div
    class="c0"
  >
    <div
      class="c1"
    >
      <a
        aria-label="Action 1"
        class="action  "
        href="#"
      >
        Action 1
      </a>
      <a
        aria-label="Action 2"
        class="action  "
        href="#"
      >
        Action 2
      </a>
      <a
        aria-label="Action 3"
        class="action  "
        href="#"
      >
        Action 3
      </a>
    </div>
  </div>
</div>
`;
