// Jest Snapshot v1, https://goo.gl/fbAQLP

exports[`<AccountOverview /> component its snapshot matches story Default 1`] = `
.c10 {
  -webkit-align-items: center;
  -webkit-box-align: center;
  -ms-flex-align: center;
  align-items: center;
  background: none;
  border: none;
  color: #0f62fe;
  cursor: pointer;
  display: -webkit-inline-box;
  display: -webkit-inline-flex;
  display: -ms-inline-flexbox;
  display: inline-flex;
  font: bold 0.875rem/1.125005rem 'IBM Plex Sans',Arial,sans-serif;
  -webkit-letter-spacing: 0.16px;
  -moz-letter-spacing: 0.16px;
  -ms-letter-spacing: 0.16px;
  letter-spacing: 0.16px;
  -webkit-text-decoration: underline;
  text-decoration: underline;
}

.c10:hover {
  color: #0043ce;
}

.c10 svg {
  color: #161616;
}

.c11 {
  line-height: 100%;
  margin-left: 0.6rem;
  margin-top: 0.2rem;
}

.c8 {
  -webkit-align-items: center;
  -webkit-box-align: center;
  -ms-flex-align: center;
  align-items: center;
  display: -webkit-box;
  display: -webkit-flex;
  display: -ms-flexbox;
  display: flex;
  -webkit-box-pack: justify;
  -webkit-justify-content: space-between;
  -ms-flex-pack: justify;
  justify-content: space-between;
  padding: 1rem 1rem 0 1rem;
  width: 100%;
}

.c9 {
  -webkit-align-items: center;
  -webkit-box-align: center;
  -ms-flex-align: center;
  align-items: center;
  display: -webkit-box;
  display: -webkit-flex;
  display: -ms-flexbox;
  display: flex;
  gap: 2rem;
}

.c21 {
  -webkit-align-items: center;
  -webkit-box-align: center;
  -ms-flex-align: center;
  align-items: center;
  border-top: 0.125rem solid #e0e0e0;
  display: -webkit-box;
  display: -webkit-flex;
  display: -ms-flexbox;
  display: flex;
  -webkit-box-pack: justify;
  -webkit-justify-content: space-between;
  -ms-flex-pack: justify;
  justify-content: space-between;
  padding: 1rem 1rem;
  width: 100%;
}

.c4 {
  padding: 1rem 1rem 1rem 1rem;
  width: 100%;
  padding: 0;
}

.c12 {
  padding: 1rem 1rem 1rem 1rem;
  width: 100%;
}

.c2 {
  background-color: #f4f4f4;
  border: 0.5rem solid #0062ff 0.125rem solid rgba(0,0,0,0.1) 0.125rem solid rgba(0,0,0,0.1) 0.125rem solid rgba(0,0,0,0.1);
  border-radius: 0.25rem;
  box-shadow: none;
  font: 400 1rem/1.375rem 'IBM Plex Sans',Arial,sans-serif;
  display: -webkit-box;
  display: -webkit-flex;
  display: -ms-flexbox;
  display: flex;
  -webkit-flex-direction: column;
  -ms-flex-direction: column;
  flex-direction: column;
  display: grid;
  grid-template-areas: 'left right2' 'left right3' 'left right4';
  grid-template-rows: min-content 1fr min-content;
}

.c2 .c7 {
  -webkit-align-self: start;
  -ms-flex-item-align: start;
  align-self: start;
  grid-area: right2;
  justify-self: start;
}

.c2 .c3.card-section-primary,
.c2 .c3.card-section-secondary {
  -webkit-align-self: start;
  -ms-flex-item-align: start;
  align-self: start;
  grid-area: right3;
  justify-self: start;
}

.c2 .c20 {
  -webkit-align-self: end;
  -ms-flex-item-align: end;
  align-self: end;
  grid-area: right4;
  justify-self: end;
}

.c2 .c3.card-section-media {
  grid-area: left;
}

.c2 .c3.card-section-media > img {
  height: 100%;
}

.c22 {
  display: -webkit-box;
  display: -webkit-flex;
  display: -ms-flexbox;
  display: flex;
  gap: 0.75rem;
}

.c23 {
  margin: -1rem -1rem -1rem -1rem;
}

.c24 {
  height: 1rem;
}

.c19 .price-list {
  color: rgba(22,22,22,0.25);
  -webkit-text-decoration: line-through;
  text-decoration: line-through;
}

.c16 {
  border-bottom: 0.0625rem solid #f4f4f4;
  display: -webkit-box;
  display: -webkit-flex;
  display: -ms-flexbox;
  display: flex;
  -webkit-box-pack: justify;
  -webkit-justify-content: space-between;
  -ms-flex-pack: justify;
  justify-content: space-between;
  position: relative;
}

.c17 {
  padding: 1rem 0;
}

.c18 {
  border-bottom: 0;
  font-weight: 700;
  padding: 1rem 0;
}

.c0 {
  margin: 1.5rem 0 0;
}

.c1 {
  background: #ffffff;
  -webkit-flex: 2 1;
  -ms-flex: 2 1;
  flex: 2 1;
  margin-top: 1rem;
}

.c5 {
  background-color: #f4f4f4;
  height: 100%;
  padding: 1rem;
}

.c15 {
  border-top: 0.125rem solid #e0e0e0;
  margin-top: 2rem;
  padding-top: 1rem;
}

.c13 {
  margin-bottom: 0.5rem;
}

.c6 {
  background-image: url();
  background-position: center;
  background-repeat: no-repeat;
  background-size: cover;
  height: 100%;
  width: 100%;
}

.c14 {
  color: #0f62fe;
}

<div>
  <div
    class="c0"
  >
    <h2>
      Your latest orders
    </h2>
    <div
      class="c1"
    >
      <div>
        <div
          class="OrderCardstyles__OrderCard-sc-783bx7-0"
        >
          <div
            class="cds--layer-two c2"
          >
            <div
              class="c3 c4 card-section-media"
              type="media"
            >
              <div
                class="c5"
              >
                <div
                  class="cds--aspect-ratio cds--aspect-ratio--1x1"
                >
                  <div
                    class="cds--aspect-ratio--object"
                  >
                    <img
                      class="c6"
                      src=""
                    />
                  </div>
                </div>
              </div>
            </div>
            <h4
              class="c7 c8"
            >
              Order #
              123
              <div
                class="c9"
              >
                <a
                  class="c10"
                >
                  Print
                  <span
                    class="c11"
                  >
                    <svg
                      aria-label="icon"
                      fill="currentColor"
                      focusable="false"
                      height="20"
                      preserveAspectRatio="xMidYMid meet"
                      role="img"
                      size="16"
                      viewBox="0 0 32 32"
                      width="20"
                      xmlns="http://www.w3.org/2000/svg"
                    />
                  </span>
                </a>
              </div>
            </h4>
            <div
              class="c3 c12 card-section-undefined"
            >
              <div
                class="c13"
              >
                Estimated delivery time:
                 
                <span
                  class="c14"
                >
                  July 2020
                </span>
              </div>
              <div
                class="c13"
              >
                Status: 
                <span
                  class="c14"
                >
                  IN_PROCESSING
                </span>
              </div>
              <div
                class="c13"
              >
                Deliver To: Delivery location: 76-78 Upper Ground, Bishops, London SE1 9PZ
              </div>
              <div
                class="c15"
              >
                <div
                  class="PriceTablestyles__PriceTable-sc-12x6422-0"
                >
                  <div
                    class="c16"
                  >
                    <div
                      class="c17"
                    >
                      Emb(race) T-shirt
                    </div>
                    <div
                      class="c18"
                    >
                      <span
                        class="c19"
                      >
                        <span
                          class="prefix"
                        >
                          +
                        </span>
                        <span
                          class="value"
                        >
                          €293
                        </span>
                      </span>
                    </div>
                  </div>
                  <div
                    class="c16"
                  >
                    <div
                      class="c17"
                    >
                      Order total
                    </div>
                    <div
                      class="c18"
                    >
                      <span
                        class="c19"
                      >
                        <span
                          class="prefix"
                        >
                          +
                        </span>
                        <span
                          class="value"
                        >
                          €692
                        </span>
                      </span>
                    </div>
                  </div>
                </div>
              </div>
            </div>
            <div
              class="c20 c21"
            >
              <div
                class="c22"
              >
                <a
                  class="c10"
                >
                  Track Order
                </a>
                <a
                  class="c10"
                >
                  Reorder
                </a>
              </div>
              <div />
              <div
                class="Cardstyles__FooterAdditionalActions-sc-10s0tle-7"
              >
                <div
                  class="c23"
                >
                  <button
                    aria-expanded="false"
                    aria-haspopup="true"
                    aria-label="Actions"
                    class="cds--overflow-menu cds--overflow-menu--md"
                    type="button"
                  >
                    <svg
                      aria-label="open and close list of options"
                      class="cds--overflow-menu__icon"
                      fill="currentColor"
                      focusable="false"
                      height="16"
                      preserveAspectRatio="xMidYMid meet"
                      role="img"
                      viewBox="0 0 32 32"
                      width="16"
                      xmlns="http://www.w3.org/2000/svg"
                    >
                      <circle
                        cx="16"
                        cy="8"
                        r="2"
                      />
                      <circle
                        cx="16"
                        cy="16"
                        r="2"
                      />
                      <circle
                        cx="16"
                        cy="24"
                        r="2"
                      />
                    </svg>
                  </button>
                </div>
              </div>
            </div>
          </div>
        </div>
        <div
          class="c24"
        />
      </div>
      <div>
        <div
          class="OrderCardstyles__OrderCard-sc-783bx7-0"
        >
          <div
            class="cds--layer-two c2"
          >
            <div
              class="c3 c4 card-section-media"
              type="media"
            >
              <div
                class="c5"
              >
                <div
                  class="cds--aspect-ratio cds--aspect-ratio--1x1"
                >
                  <div
                    class="cds--aspect-ratio--object"
                  >
                    <img
                      class="c6"
                      src=""
                    />
                  </div>
                </div>
              </div>
            </div>
            <h4
              class="c7 c8"
            >
              Order #
              456
              <div
                class="c9"
              >
                <a
                  class="c10"
                >
                  Print
                  <span
                    class="c11"
                  >
                    <svg
                      aria-label="icon"
                      fill="currentColor"
                      focusable="false"
                      height="20"
                      preserveAspectRatio="xMidYMid meet"
                      role="img"
                      size="16"
                      viewBox="0 0 32 32"
                      width="20"
                      xmlns="http://www.w3.org/2000/svg"
                    />
                  </span>
                </a>
              </div>
            </h4>
            <div
              class="c3 c12 card-section-undefined"
            >
              <div
                class="c13"
              >
                Estimated delivery time:
                 
                <span
                  class="c14"
                >
                  July 2020
                </span>
              </div>
              <div
                class="c13"
              >
                Status: 
                <span
                  class="c14"
                >
                  DELIVERED
                </span>
              </div>
              <div
                class="c13"
              >
                Deliver To: Delivery location: 76-78 Upper Ground, Bishops, London SE1 9PZ
              </div>
              <div
                class="c15"
              >
                <div
                  class="PriceTablestyles__PriceTable-sc-12x6422-0"
                >
                  <div
                    class="c16"
                  >
                    <div
                      class="c17"
                    >
                      Emb(race) T-shirt
                    </div>
                    <div
                      class="c18"
                    >
                      <span
                        class="c19"
                      >
                        <span
                          class="prefix"
                        >
                          +
                        </span>
                        <span
                          class="value"
                        >
                          €344
                        </span>
                      </span>
                    </div>
                  </div>
                  <div
                    class="c16"
                  >
                    <div
                      class="c17"
                    >
                      Diversity T-Shirt
                    </div>
                    <div
                      class="c18"
                    >
                      <span
                        class="c19"
                      >
                        <span
                          class="prefix"
                        >
                          +
                        </span>
                        <span
                          class="value"
                        >
                          €368
                        </span>
                      </span>
                    </div>
                  </div>
                  <div
                    class="c16"
                  >
                    <div
                      class="c17"
                    >
                      Order total
                    </div>
                    <div
                      class="c18"
                    >
                      <span
                        class="c19"
                      >
                        <span
                          class="prefix"
                        >
                          +
                        </span>
                        <span
                          class="value"
                        >
                          €399
                        </span>
                      </span>
                    </div>
                  </div>
                </div>
              </div>
            </div>
            <div
              class="c20 c21"
            >
              <div
                class="c22"
              >
                <a
                  class="c10"
                >
                  Track Order
                </a>
                <a
                  class="c10"
                >
                  Reorder
                </a>
              </div>
              <div />
              <div
                class="Cardstyles__FooterAdditionalActions-sc-10s0tle-7"
              >
                <div
                  class="c23"
                >
                  <button
                    aria-expanded="false"
                    aria-haspopup="true"
                    aria-label="Actions"
                    class="cds--overflow-menu cds--overflow-menu--md"
                    type="button"
                  >
                    <svg
                      aria-label="open and close list of options"
                      class="cds--overflow-menu__icon"
                      fill="currentColor"
                      focusable="false"
                      height="16"
                      preserveAspectRatio="xMidYMid meet"
                      role="img"
                      viewBox="0 0 32 32"
                      width="16"
                      xmlns="http://www.w3.org/2000/svg"
                    >
                      <circle
                        cx="16"
                        cy="8"
                        r="2"
                      />
                      <circle
                        cx="16"
                        cy="16"
                        r="2"
                      />
                      <circle
                        cx="16"
                        cy="24"
                        r="2"
                      />
                    </svg>
                  </button>
                </div>
              </div>
            </div>
          </div>
        </div>
        <div
          class="c24"
        />
      </div>
    </div>
  </div>
</div>
`;

exports[`<AccountOverview /> component its snapshot matches story Skeleton 1`] = `
<div>
  <div>
    Loading...
  </div>
</div>
`;
