// Jest Snapshot v1, https://goo.gl/fbAQLP

exports[`<StripePayment /> component its snapshot matches story Default 1`] = `
.c0 {
  margin: 0;
}

.c0 .label {
  color: #525252;
  font-size: 0.75rem;
  margin-bottom: 0.5rem;
}

.c0 .StripeElement {
  background: #ffffff;
  border: 0.0625rem solid #8d8d8d;
  border-radius: 0.25rem;
  padding: 1rem 1rem;
}

<div>
  <div
    class="c0"
    data-testid="cart-CartPayment-Outer"
  >
    <div
      class="label"
    >
      Credit Card Information
    </div>
    <div />
  </div>
</div>
`;
