// Jest Snapshot v1, https://goo.gl/fbAQLP

exports[`<AllStores /> component its snapshot matches story Default 1`] = `
.c9 {
  -webkit-align-items: center;
  -webkit-box-align: center;
  -ms-flex-align: center;
  align-items: center;
  background: none;
  border: none;
  color: #0f62fe;
  cursor: pointer;
  display: -webkit-inline-box;
  display: -webkit-inline-flex;
  display: -ms-inline-flexbox;
  display: inline-flex;
  font: bold 0.875rem/1.125005rem 'IBM Plex Sans',Arial,sans-serif;
  -webkit-letter-spacing: 0.16px;
  -moz-letter-spacing: 0.16px;
  -ms-letter-spacing: 0.16px;
  letter-spacing: 0.16px;
  -webkit-text-decoration: underline;
  text-decoration: underline;
}

.c9:hover {
  color: #0043ce;
}

.c9 svg {
  color: #161616;
}

.c4 {
  -webkit-align-items: center;
  -webkit-box-align: center;
  -ms-flex-align: center;
  align-items: center;
  display: -webkit-box;
  display: -webkit-flex;
  display: -ms-flexbox;
  display: flex;
  -webkit-box-pack: justify;
  -webkit-justify-content: space-between;
  -ms-flex-pack: justify;
  justify-content: space-between;
  padding: 1rem 1rem 0 1rem;
  width: 100%;
}

.c7 {
  -webkit-align-items: center;
  -webkit-box-align: center;
  -ms-flex-align: center;
  align-items: center;
  border-top: 0.125rem solid #e0e0e0;
  display: -webkit-box;
  display: -webkit-flex;
  display: -ms-flexbox;
  display: flex;
  -webkit-box-pack: justify;
  -webkit-justify-content: space-between;
  -ms-flex-pack: justify;
  justify-content: space-between;
  padding: 1rem 1rem;
  width: 100%;
}

.c3 {
  padding: 1rem 1rem 1rem 1rem;
  width: 100%;
  padding: 0;
}

.c5 {
  padding: 1rem 1rem 1rem 1rem;
  width: 100%;
}

.c6 {
  padding: 1rem 1rem 1rem 1rem;
  width: 100%;
  border-top: 0.125rem solid #e0e0e0;
  color: #525252;
  font: 400 0.875rem/1.125005rem 'IBM Plex Sans',Arial,sans-serif;
  -webkit-letter-spacing: 0.16px;
  -moz-letter-spacing: 0.16px;
  -ms-letter-spacing: 0.16px;
  letter-spacing: 0.16px;
  padding-top: 1rem;
}

.c2 {
  background-color: #f4f4f4;
  border: 0.5rem solid #0062ff 0.125rem solid rgba(0,0,0,0.1) 0.125rem solid rgba(0,0,0,0.1) 0.125rem solid rgba(0,0,0,0.1);
  border-radius: 0.25rem;
  box-shadow: none;
  font: 400 1rem/1.375rem 'IBM Plex Sans',Arial,sans-serif;
  display: -webkit-box;
  display: -webkit-flex;
  display: -ms-flexbox;
  display: flex;
  -webkit-flex-direction: column;
  -ms-flex-direction: column;
  flex-direction: column;
}

.c2:hover {
  box-shadow: none;
}

.c8 {
  display: -webkit-box;
  display: -webkit-flex;
  display: -ms-flexbox;
  display: flex;
  gap: 0.75rem;
}

.c0.c0.c0 {
  display: -webkit-box;
  display: -webkit-flex;
  display: -ms-flexbox;
  display: flex;
  -webkit-flex-direction: column;
  -ms-flex-direction: column;
  flex-direction: column;
  -webkit-box-pack: center;
  -webkit-justify-content: center;
  -ms-flex-pack: center;
  justify-content: center;
  margin: 8rem 0;
}

.c1.c1.c1 {
  display: grid;
  grid-gap: 2rem;
  grid-template-columns: repeat(auto-fill,minmax(16rem,1fr));
}

@media (min-width:672px) {
  .c0.c0.c0 {
    margin-top: 5rem;
  }
}

<div>
  <div
    class="c0"
  >
    <div
      class="c1"
    >
      <div
        class="cds--layer-two c2"
      >
        <div
          class="c3 card-section-media"
          type="media"
        >
          <img
            src="http://placeimg.com/640/480/business"
            style="width: 100%;"
          />
        </div>
        <h4
          class="c4"
        >
          My store
        </h4>
        <div
          class="c5 card-section-undefined"
        >
          Some important news!
        </div>
        <div
          class="c6 card-section-secondary"
          type="secondary"
        >
          <div>
            724 Kathryne Flats
          </div>
          <div>
            Reichelport
          </div>
        </div>
        <div
          class="c7"
        >
          <div
            class="c8"
          >
            <a
              class="c9"
            >
              Go to store
            </a>
          </div>
          <div />
        </div>
      </div>
      <div
        class="cds--layer-two c2"
      >
        <div
          class="c3 card-section-media"
          type="media"
        >
          <img
            src="http://placeimg.com/640/480/abstract"
            style="width: 100%;"
          />
        </div>
        <h4
          class="c4"
        >
          My Second store
        </h4>
        <div
          class="c5 card-section-undefined"
        >
          Big sale!
        </div>
        <div
          class="c6 card-section-secondary"
          type="secondary"
        >
          <div>
            7946 Connelly Pass
          </div>
          <div>
            West Everardo
          </div>
        </div>
        <div
          class="c7"
        >
          <div
            class="c8"
          >
            <a
              class="c9"
            >
              Go to store
            </a>
          </div>
          <div />
        </div>
      </div>
    </div>
  </div>
</div>
`;
