// Jest Snapshot v1, https://goo.gl/fbAQLP

exports[`<FareBundleCard /> component its snapshot matches story Default 1`] = `
.c0 {
  height: auto;
  border-radius: 5px;
  background-color: white;
  -webkit-transition: 200ms;
  transition: 200ms;
}

.c0:hover {
  background-color: #E5E5E5;
  cursor: pointer;
}

.c0:active {
  background-color: #F2F2F2;
  cursor: pointer;
  -webkit-transition: 100ms;
  transition: 100ms;
}

.c1 {
  background-color: white;
  display: -webkit-box;
  display: -webkit-flex;
  display: -ms-flexbox;
  display: flex;
  -webkit-box-pack: justify;
  -webkit-justify-content: space-between;
  -ms-flex-pack: justify;
  justify-content: space-between;
  border-bottom: 1px solid #f4f4f4;
  padding: 1rem;
}

.c3 {
  font-size: 16px;
  font-weight: 700;
  line-height: 18px;
  color: #161616;
}

.c4 {
  font-size: 12px;
  font-weight: 400;
  line-height: 18px;
  color: #161616;
}

.c2 {
  display: -webkit-box;
  display: -webkit-flex;
  display: -ms-flexbox;
  display: flex;
  -webkit-flex-direction: column;
  -ms-flex-direction: column;
  flex-direction: column;
}

.c5 {
  display: -webkit-box;
  display: -webkit-flex;
  display: -ms-flexbox;
  display: flex;
}

.c6 {
  display: -webkit-box;
  display: -webkit-flex;
  display: -ms-flexbox;
  display: flex;
  -webkit-flex-direction: column;
  -ms-flex-direction: column;
  flex-direction: column;
}

.c7 {
  display: -webkit-box;
  display: -webkit-flex;
  display: -ms-flexbox;
  display: flex;
  -webkit-box-pack: end;
  -webkit-justify-content: flex-end;
  -ms-flex-pack: end;
  justify-content: flex-end;
  -webkit-text-decoration: line-through;
  text-decoration: line-through;
}

.c8 {
  position: relative;
  width: 32px;
  height: 32px;
  top: 6px;
  left: 8px;
  cursor: pointer;
}

.c9 {
  background-color: white;
  border: none;
  border-bottom: 1px solid #f4f4f4;
  padding: 16px;
}

.c9 .cds--tile__checkmark {
  margin: 0;
  position: absolute;
  top: 50%;
  -ms-transform: translateY(-50%);
  -webkit-transform: translateY(-50%);
  -ms-transform: translateY(-50%);
  transform: translateY(-50%);
}

.c9:hover {
  background-color: white;
}

.c10 {
  display: -webkit-box;
  display: -webkit-flex;
  display: -ms-flexbox;
  display: flex;
}

.c11 {
  position: relative;
  width: 20px;
  height: 20px;
  top: 8px;
  margin-right: 1rem;
  fill: #2e5c99;
}

.c13 {
  position: relative;
  width: 20px;
  height: 20px;
  top: 8px;
  margin-right: 1rem;
  fill: #2e5c99;
}

.c12 {
  font-size: 14px;
  font-weight: 400;
  color: #161616;
}

<div>
  <div
    class="c0"
  >
    <a
      class="cds--link cds--tile cds--tile--clickable c1"
    >
      <div
        class="c2"
      >
        <h1
          class="c3"
        >
          Some title
        </h1>
        <h1
          class="c4"
        >
          Some description
        </h1>
      </div>
      <div
        class="c5"
      >
        <div
          class="c6"
        >
          <h1
            class="c4 c7"
          >
            100
          </h1>
          <h1
            class="FareBundleCardstyles__BundlePrice-sc-z4hy5s-7 c3"
          >
            200
          </h1>
        </div>
        <svg
          aria-label="icon"
          class="c8"
          fill="currentColor"
          focusable="false"
          height="20"
          preserveAspectRatio="xMidYMid meet"
          role="img"
          viewBox="0 0 32 32"
          width="20"
          xmlns="http://www.w3.org/2000/svg"
        />
      </div>
    </a>
    <div
      class="c9"
    >
      <div
        class="c10"
      >
        <svg
          aria-label="icon"
          class="c11"
          fill="currentColor"
          focusable="false"
          height="20"
          preserveAspectRatio="xMidYMid meet"
          role="img"
          viewBox="0 0 32 32"
          width="20"
          xmlns="http://www.w3.org/2000/svg"
        />
        <h1
          class="c12"
        >
          Option 1
        </h1>
      </div>
    </div>
    <div
      class="c9"
    >
      <div
        class="c10"
      >
        <svg
          aria-label="icon"
          class="c13"
          fill="currentColor"
          focusable="false"
          height="20"
          preserveAspectRatio="xMidYMid meet"
          role="img"
          viewBox="0 0 32 32"
          width="20"
          xmlns="http://www.w3.org/2000/svg"
        />
        <h1
          class="c12"
        >
          Option 2
        </h1>
      </div>
    </div>
  </div>
</div>
`;
