// Jest Snapshot v1, https://goo.gl/fbAQLP

exports[`<ProductSortBy /> component its snapshot matches story Default 1`] = `
.c0 {
  display: -webkit-box;
  display: -webkit-flex;
  display: -ms-flexbox;
  display: flex;
  -webkit-box-pack: end;
  -webkit-justify-content: flex-end;
  -ms-flex-pack: end;
  justify-content: flex-end;
}

<div>
  <div
    class="c0"
  >
    <div
      class="cds--dropdown__wrapper cds--list-box__wrapper cds--dropdown__wrapper--inline cds--list-box__wrapper--inline"
    >
      <label
        class="cds--label"
        for="downshift-0-toggle-button"
        id="downshift-0-label"
      >
        Sort by: 
      </label>
      <div
        class="cds--dropdown cds--dropdown--inline cds--list-box"
        id="Sort By"
      >
        <button
          aria-disabled="false"
          aria-expanded="false"
          aria-haspopup="listbox"
          aria-labelledby="downshift-0-label downshift-0-toggle-button"
          class="cds--list-box__field"
          id="downshift-0-toggle-button"
          title="Relevance"
          type="button"
        >
          <span
            class="cds--list-box__label"
          >
            Relevance
          </span>
          <div
            class="cds--list-box__menu-icon"
          >
            <svg
              aria-label="Open menu"
              fill="currentColor"
              focusable="false"
              height="16"
              name="chevron--down"
              preserveAspectRatio="xMidYMid meet"
              role="img"
              viewBox="0 0 16 16"
              width="16"
              xmlns="http://www.w3.org/2000/svg"
            >
              <path
                d="M8 11L3 6 3.7 5.3 8 9.6 12.3 5.3 13 6z"
              />
              <title>
                Open menu
              </title>
            </svg>
          </div>
        </button>
        <div
          aria-labelledby="downshift-0-label"
          class="cds--list-box__menu"
          id="downshift-0-menu"
          role="listbox"
          tabindex="-1"
        />
      </div>
    </div>
  </div>
</div>
`;
