// Jest Snapshot v1, https://goo.gl/fbAQLP

exports[`<Order /> component its snapshot matches story Default 1`] = `
.c2 {
  font-size: 105%;
  font-weight: 700;
  line-height: 0;
  white-space: nowrap;
}

.c2 svg {
  max-height: 100%;
}

.c1 {
  -webkit-align-items: center;
  -webkit-box-align: center;
  -ms-flex-align: center;
  align-items: center;
  display: -webkit-box;
  display: -webkit-flex;
  display: -ms-flexbox;
  display: flex;
  -webkit-flex-wrap: wrap;
  -ms-flex-wrap: wrap;
  flex-wrap: wrap;
  -webkit-box-pack: start;
  -webkit-justify-content: flex-start;
  -ms-flex-pack: start;
  justify-content: flex-start;
  width: 100%;
  gap: 1rem;
}

.c0 {
  height: 1rem;
}

@media (min-width:672px) {
  .c1 {
    -webkit-flex-wrap: no-wrap;
    -ms-flex-wrap: no-wrap;
    flex-wrap: no-wrap;
    -webkit-box-pack: start;
    -webkit-justify-content: flex-start;
    -ms-flex-pack: start;
    justify-content: flex-start;
  }
}

<div>
  <div>
    <h2>
      Order details
    </h2>
    <p>
      Order id: 
      1
    </p>
    <p>
      Date:
      2021-04-05
       
    </p>
    <p>
      Order placed by 
      John Doe
    </p>
    <div
      class="c0"
    />
    <h3>
      Status
    </h3>
    <div>
      Approved
    </div>
    <div
      class="c0"
    />
    <h3>
      Actions
    </h3>
    <div
      class="c0"
    />
    <div
      class="c1"
    >
      <button
        class="c2 cds--btn cds--btn--secondary"
        tabindex="0"
        type="button"
      >
        Reject order
         
      </button>
      <button
        class="c2 cds--btn cds--btn--primary"
        tabindex="0"
        type="button"
      >
        Approve order
         
      </button>
    </div>
  </div>
</div>
`;
