// Jest Snapshot v1, https://goo.gl/fbAQLP

exports[`<Header /> component its snapshot matches story normal 1`] = `
.c0 {
  border-bottom: 1px solid #e0e0e0;
  background: #fff;
  color: #161616;
}

.c1 {
  display: grid;
  grid-template-areas: 'menu-toggle logo title secondary search actions';
  grid-template-columns: auto auto auto auto 1fr auto;
  grid-template-rows: 1fr;
  min-height: 3rem;
  max-width: var(--max-width);
  margin-left: auto;
  margin-right: auto;
}

.c1 .action {
  border: none;
  color: #161616;
  cursor: pointer;
}

.c1 .action [role='img'] {
  -webkit-align-items: center;
  -webkit-box-align: center;
  -ms-flex-align: center;
  align-items: center;
  display: -webkit-box;
  display: -webkit-flex;
  display: -ms-flexbox;
  display: flex;
}

.c1 .action [role='img'] svg {
  color: #161616;
  height: 100%;
}

.c5 {
  display: -webkit-box;
  display: -webkit-flex;
  display: -ms-flexbox;
  display: flex;
  grid-area: actions;
  -webkit-align-items: center;
  -webkit-box-align: center;
  -ms-flex-align: center;
  align-items: center;
  padding: 0.25rem;
}

.c5 .action {
  padding: 0.875rem;
}

.c5 .action:not(.has-icon) {
  font-size: 0.875rem;
  color: #0f62fe;
}

.c5 .action:not(.has-icon):hover {
  color: #0043ce;
  -webkit-text-decoration: underline;
  text-decoration: underline;
}

.c5 .action.has-icon {
  font-size: 0;
}

.c5 .hide-mobile {
  display: none;
}

.c4 {
  display: -webkit-box;
  display: -webkit-flex;
  display: -ms-flexbox;
  display: flex;
  grid-area: search;
  -webkit-align-items: center;
  -webkit-box-align: center;
  -ms-flex-align: center;
  align-items: center;
  -webkit-box-pack: end;
  -webkit-justify-content: flex-end;
  -ms-flex-pack: end;
  justify-content: flex-end;
}

.c4 .cds--search {
  margin-left: 1rem;
  width: 100%;
}

.c4 .cds--search,
.c4 .cds--search-input {
  height: 100%;
}

.c3 {
  display: -webkit-box;
  display: -webkit-flex;
  display: -ms-flexbox;
  display: flex;
  grid-area: logo;
  -webkit-align-items: center;
  -webkit-box-align: center;
  -ms-flex-align: center;
  align-items: center;
  padding: 0;
}

.c3 .action {
  font-size: 0;
}

.c3 img,
.c3 svg {
  width: 3rem;
  height: 2rem;
  max-width: 3rem;
  max-height: 2rem;
}

.c2 {
  grid-area: menu-toggle;
  -webkit-align-items: center;
  -webkit-box-align: center;
  -ms-flex-align: center;
  align-items: center;
  display: -webkit-box;
  display: -webkit-flex;
  display: -ms-flexbox;
  display: flex;
}

.c2 .action {
  height: 100%;
  padding: 0.875rem;
  margin: 0 0.5rem 0 0;
}

@media (min-width:672px) {
  .c5 .hide-desktop {
    display: none;
  }

  .c5 .hide-mobile {
    display: block;
  }
}

@media (max-width:672px) {
  .c4:not(:empty) {
    position: absolute;
    left: 0;
    right: 0;
    top: var(--top);
    bottom: 0;
    z-index: 100;
  }

  .c4:not(:empty) .cds--search {
    margin: 0;
    width: 100%;
  }
}

@media (min-width:672px) {
  .c3 {
    padding: 0 0 0 1rem;
  }
}

@media (min-width:672px) {
  .c2 {
    display: none;
  }
}

<div>
  <div
    class="c0"
  >
    <div
      class="c1"
    >
      <div
        class="c2"
      >
        <button
          aria-label="Toggle"
          class="action  has-icon"
        >
          <div
            role="img"
          >
            <svg
              aria-label="icon"
              fill="currentColor"
              focusable="false"
              height="20"
              preserveAspectRatio="xMidYMid meet"
              role="img"
              size="20"
              viewBox="0 0 32 32"
              width="20"
              xmlns="http://www.w3.org/2000/svg"
            />
          </div>
        </button>
        <div />
      </div>
      <div
        class="c3"
      >
        <a
          aria-label="Logo"
          class="action  has-icon"
          href="#"
        >
          Logo
          <div
            role="img"
          >
            <img
              src="https://www.strunkmedia.com/wp-content/uploads/2018/05/bigstock-Print-163213010.png"
            />
          </div>
        </a>
      </div>
      <div
        class="c4"
      />
      <div
        class="c5"
      >
        <button
          aria-label="Search"
          class="action  has-icon"
        >
          Search
          <div
            role="img"
          >
            <svg
              aria-label="icon"
              class="icon"
              fill="currentColor"
              focusable="false"
              height="20"
              preserveAspectRatio="xMidYMid meet"
              role="img"
              size="24"
              viewBox="0 0 32 32"
              width="20"
              xmlns="http://www.w3.org/2000/svg"
            />
          </div>
        </button>
        <button
          aria-label="Shopping Bag"
          class="action  has-icon"
        >
          Shopping Bag
          <div
            role="img"
          >
            <svg
              aria-label="icon"
              class="icon"
              fill="currentColor"
              focusable="false"
              height="20"
              preserveAspectRatio="xMidYMid meet"
              role="img"
              size="24"
              viewBox="0 0 32 32"
              width="20"
              xmlns="http://www.w3.org/2000/svg"
            />
          </div>
        </button>
        <button
          aria-label="User"
          class="action  has-icon"
        >
          User
          <div
            role="img"
          >
            <svg
              aria-label="icon"
              class="icon"
              fill="currentColor"
              focusable="false"
              height="20"
              preserveAspectRatio="xMidYMid meet"
              role="img"
              size="24"
              viewBox="0 0 32 32"
              width="20"
              xmlns="http://www.w3.org/2000/svg"
            />
          </div>
        </button>
      </div>
    </div>
  </div>
</div>
`;
