// Jest Snapshot v1, https://goo.gl/fbAQLP

exports[`<CostCenterHeader /> component its snapshot matches story Default 1`] = `
.c0 {
  display: grid;
  gap: 2rem;
  grid-template-columns: repeat(auto-fill,minmax(20rem,1fr));
  list-style: none;
  width: 100%;
}

.c1 {
  color: #0062ff;
  display: -webkit-box;
  display: -webkit-flex;
  display: -ms-flexbox;
  display: flex;
  -webkit-flex-direction: column;
  -ms-flex-direction: column;
  flex-direction: column;
  -webkit-box-pack: start;
  -webkit-justify-content: flex-start;
  -ms-flex-pack: start;
  justify-content: flex-start;
}

.c2 {
  color: #161616;
}

.c3 {
  height: 1rem;
}

<div>
  <ul
    class="c0"
  >
    <li
      class="c1"
    >
      <h4
        class="c2"
      >
        Permission ID
      </h4>
      <span>
        Rustic 0K USD Order
      </span>
    </li>
    <li
      class="c1"
    >
      <h4
        class="c2"
      >
        Parent Unit
      </h4>
      <span>
        Rustic
      </span>
    </li>
    <li
      class="c1"
    >
      <h4
        class="c2"
      >
        Permission Type
      </h4>
      <span>
        Allowed Order Threshold (per order)
      </span>
    </li>
    <li
      class="c1"
    >
      <h4
        class="c2"
      >
        Time Period
      </h4>
      <span>
        n/a
      </span>
    </li>
    <li
      class="c1"
    >
      <h4
        class="c2"
      >
        Threshold Amount
      </h4>
      <span>
        0.00 (USD)
      </span>
    </li>
  </ul>
  <div
    class="c3"
  />
</div>
`;
