// Jest Snapshot v1, https://goo.gl/fbAQLP

exports[`<Overlay /> component its snapshot matches 1`] = `
.c0 {
  background: transparent;
  height: 100vh;
  left: 0;
  position: fixed;
  top: 0;
  width: 100vw;
  z-index: 11;
}

<div
  class="c0"
/>
`;
