// Jest Snapshot v1, https://goo.gl/fbAQLP

exports[`<OrganizationHeader /> component its snapshot matches story Default 1`] = `
.c0 {
  display: grid;
  gap: 2rem;
  grid-template-columns: repeat(auto-fill,minmax(20rem,1fr));
  list-style: none;
  width: 100%;
}

.c1 {
  color: #0062ff;
  display: -webkit-box;
  display: -webkit-flex;
  display: -ms-flexbox;
  display: flex;
  -webkit-flex-direction: column;
  -ms-flex-direction: column;
  flex-direction: column;
  -webkit-box-pack: start;
  -webkit-justify-content: flex-start;
  -ms-flex-pack: start;
  justify-content: flex-start;
}

.c2 {
  color: #161616;
}

<div>
  <div>
    <ul
      class="c0"
    >
      <li
        class="c1"
      >
        <h4
          class="c2"
        >
          ID
        </h4>
        <span>
          123
        </span>
      </li>
      <li
        class="c1"
      >
        <h4
          class="c2"
        >
          Name
        </h4>
        <span>
          Acme Corp
        </span>
      </li>
    </ul>
  </div>
</div>
`;
