// Jest Snapshot v1, https://goo.gl/fbAQLP

exports[`<AdvancedSearch /> component its snapshot matches story Default 1`] = `
.c7 {
  font-size: 105%;
  font-weight: 700;
  line-height: 0;
  white-space: nowrap;
}

.c7 svg {
  max-height: 100%;
}

.c6 {
  -webkit-align-items: center;
  -webkit-box-align: center;
  -ms-flex-align: center;
  align-items: center;
  display: -webkit-box;
  display: -webkit-flex;
  display: -ms-flexbox;
  display: flex;
  -webkit-flex-wrap: wrap;
  -ms-flex-wrap: wrap;
  flex-wrap: wrap;
  -webkit-box-pack: start;
  -webkit-justify-content: flex-start;
  -ms-flex-pack: start;
  justify-content: flex-start;
  width: 100%;
  gap: 1rem;
}

.c5 {
  display: -webkit-box;
  display: -webkit-flex;
  display: -ms-flexbox;
  display: flex;
  padding-top: 1.5rem;
}

.c0 {
  padding: 1.5rem;
}

.c1 {
  color: #0f62fe;
  font: 700 1.75rem/2.25001rem 'IBM Plex Sans',Arial,sans-serif;
  text-transform: uppercase;
}

.c2 {
  padding: 0 1.5rem 1rem 1.5rem;
}

.c3 {
  margin-bottom: 1.5rem;
}

.c4 {
  display: -webkit-box;
  display: -webkit-flex;
  display: -ms-flexbox;
  display: flex;
}

@media (min-width:672px) {
  .c6 {
    -webkit-flex-wrap: no-wrap;
    -ms-flex-wrap: no-wrap;
    flex-wrap: no-wrap;
    -webkit-box-pack: end;
    -webkit-justify-content: flex-end;
    -ms-flex-pack: end;
    justify-content: flex-end;
  }
}

<div>
  <div
    class="SearchPanelstyles__SearchPanel-sc-idrvn2-0"
  >
    <div
      class="c0"
    >
      <h2
        class="c1"
      >
        Begin your search...
      </h2>
    </div>
    <div
      class="c2"
    >
      <form>
        <div
          class="FormBodystyles__FormBody-sc-12wq4uu-0"
        >
          <div
            class="c3"
          >
            <div
              class="c4"
            >
              <div
                class="cds--form-item cds--text-input-wrapper"
              >
                <label
                  class="cds--label"
                  for="searchTerm"
                >
                  Search:
                </label>
                <div
                  class="cds--text-input__field-outer-wrapper"
                >
                  <div
                    class="cds--text-input__field-wrapper"
                  >
                    <input
                      class="cds--text-input cds--text__input cds--text-input--md"
                      id="searchTerm"
                      name="searchTerm"
                      placeholder="Search term"
                      required=""
                      title="Search term"
                      type="text"
                      value=""
                    />
                  </div>
                </div>
              </div>
            </div>
          </div>
        </div>
        <div
          class="c5"
        >
          <div
            class="c6"
          >
            <button
              class="c7 cds--btn cds--btn--primary"
              tabindex="0"
              type="submit"
            >
              Search
               
            </button>
          </div>
        </div>
      </form>
    </div>
  </div>
</div>
`;
