// Jest Snapshot v1, https://goo.gl/fbAQLP

exports[`<Modal /> component its snapshot matches 1`] = `null`;
