// Jest Snapshot v1, https://goo.gl/fbAQLP

exports[`<RangeDropdown /> component its snapshot matches 1`] = `
.c0 {
  position: relative;
}

.c0 .cds--dropdown {
  width: 8rem;
}

.c1 {
  background-color: white;
  box-shadow: 0 0.2rem 0.6rem rgba(0,0,0,0.2);
  max-width: 40rem;
  overflow-y: auto;
  position: absolute;
  -webkit-transition: max-height 110ms cubic-bezier(0.2,0,0.38,0.9);
  transition: max-height 110ms cubic-bezier(0.2,0,0.38,0.9);
  z-index: 11;
}

.c1:focus {
  outline: 0.1rem solid #0f62fe;
}

<div
  class="c0"
>
  <div
    class="cds--dropdown cds--list-box cds--dropdown--light cds--list-box--light cds--dropdown--xl cds--list-box--xl"
  >
    <button
      aria-expanded="false"
      aria-haspopup="listbox"
      class="cds--list-box__field"
      type="button"
    >
      <span
        class="cds--list-box__label"
      >
        test
      </span>
      <div
        class="cds--list-box__menu-icon"
      >
        <svg
          aria-label="icon"
          fill="currentColor"
          focusable="false"
          height="20"
          preserveAspectRatio="xMidYMid meet"
          role="img"
          size="16"
          viewBox="0 0 32 32"
          width="20"
          xmlns="http://www.w3.org/2000/svg"
        />
      </div>
    </button>
  </div>
  <div
    aria-label="Range Container"
    class="c1"
    role="listbox"
    title="range container"
  />
</div>
`;
