// Jest Snapshot v1, https://goo.gl/fbAQLP

exports[`<QREmail /> component its snapshot matches 1`] = `
.c1 {
  -webkit-align-items: center;
  -webkit-box-align: center;
  -ms-flex-align: center;
  align-items: center;
  display: -webkit-box;
  display: -webkit-flex;
  display: -ms-flexbox;
  display: flex;
  -webkit-flex-wrap: wrap;
  -ms-flex-wrap: wrap;
  flex-wrap: wrap;
  -webkit-box-pack: start;
  -webkit-justify-content: flex-start;
  -ms-flex-pack: start;
  justify-content: flex-start;
  width: 100%;
  gap: 1rem;
}

.c0 {
  display: -webkit-box;
  display: -webkit-flex;
  display: -ms-flexbox;
  display: flex;
  max-width: 40rem;
}

@media (min-width:672px) {
  .c1 {
    -webkit-flex-wrap: no-wrap;
    -ms-flex-wrap: no-wrap;
    flex-wrap: no-wrap;
    -webkit-box-pack: end;
    -webkit-justify-content: flex-end;
    -ms-flex-pack: end;
    justify-content: flex-end;
  }
}

<div
  class="c0"
>
  <div
    class="c1"
  >
     
    <div
      class="cds--form-item cds--text-input-wrapper"
    >
      <label
        class="cds--label cds--visually-hidden"
        for="email"
      >
        Your email
      </label>
      <div
        class="cds--text-input__field-outer-wrapper"
      >
        <div
          class="cds--text-input__field-wrapper"
        >
          <input
            class="cds--text-input cds--text__input cds--text-input--md"
            id="email"
            name="qremail"
            placeholder="Enter email"
            title="Enter email"
            type="email"
            value=""
          />
        </div>
      </div>
    </div>
    <button
      class="cds--btn cds--btn--secondary"
      tabindex="0"
      type="button"
    >
      Send QR Code on email
    </button>
  </div>
</div>
`;
