// Jest Snapshot v1, https://goo.gl/fbAQLP

exports[`<ConfiguratorDealerPane /> component its snapshot matches 1`] = `null`;
