// Jest Snapshot v1, https://goo.gl/fbAQLP

exports[`<Flag /> component its snapshot matches 1`] = `
.c0 {
  border-radius: 50%;
  height: 1rem;
  overflow: hidden;
  width: 1rem;
}

<svg
  class="c0"
  viewBox="0 0 52 52"
>
  <rect
    fill="#fff"
    height="52"
    width="52"
  />
  <line
    fill="none"
    stroke="#A50020"
    stroke-dasharray="4"
    stroke-width="52"
    x1="26"
    x2="26"
    y2="52"
  />
  <rect
    fill="#181854"
    height="28"
    width="26"
  />
</svg>
`;
